###############################################################################
#
# IAR ELF Linker V9.30.1.335/W64 for ARM                  20/Dec/2022  19:56:02
# Copyright 2007-2022 IAR Systems AB.
#
#    Output file  =
#        D:\0.semester 7\2.embedded\project\task 2\Debug\Exe\Project.out
#    Map file     =
#        D:\0.semester 7\2.embedded\project\task 2\Debug\List\Project.map
#    Command line =
#        -f "D:\0.semester 7\2.embedded\project\task
#        2\Debug\Exe\Project.out.rsp" ("D:\0.semester 7\2.embedded\project\task
#        2\Debug\Obj\DIO.o" "D:\0.semester 7\2.embedded\project\task
#        2\Debug\Obj\Keypad.o" "D:\0.semester 7\2.embedded\project\task
#        2\Debug\Obj\LCD.o" "D:\0.semester 7\2.embedded\project\task
#        2\Debug\Obj\main.o" "D:\0.semester 7\2.embedded\project\task
#        2\Debug\Obj\startup_ewarm.o" "D:\0.semester 7\2.embedded\project\task
#        2\Debug\Obj\Systic_timer.o" "D:\0.semester 7\2.embedded\project\task
#        2\Debug\Obj\Task2_timer0_Timer.o" "D:\0.semester
#        7\2.embedded\project\task 2\Debug\Obj\Task3_timer0_Timer.o"
#        "D:\0.semester 7\2.embedded\project\task 2\Debug\Obj\tasks.o"
#        --no_out_extension -o "D:\0.semester 7\2.embedded\project\task
#        2\Debug\Exe\Project.out" --redirect _Printf=_PrintfFullNoMb --redirect
#        _Scanf=_ScanfFullNoMb --map "D:\0.semester 7\2.embedded\project\task
#        2\Debug\List\Project.map" --config
#        E:\programs\iar\arm/config/linker/TexasInstruments/TM4C123GH6.icf
#        --semihosting
#        C:\ti\TivaWare_C_Series-2.2.0.295\driverlib\ewarm\Exe\driverlib.a
#        --entry __iar_program_start --vfe --text_out locale --cpu=Cortex-M4
#        --fpu=VFPv4_sp)
#
###############################################################################

*******************************************************************************
*** MESSAGES
***

Warning[Lt009]: Inconsistent wchar_t size
            systick.o(driverlib.a) and 4 other objects in driverlib.a have
                      wchar_t size 16 bits
            DIO.o and 35 other objects, some of them in shb_l.a and 21 other
                      libraries have wchar_t size 32 bits


*******************************************************************************
*** RUNTIME MODEL ATTRIBUTES
***

CppFlavor       = *
__CPP_Runtime   = 1
__SystemLibrary = DLib
__dlib_version  = 6


*******************************************************************************
*** HEAP SELECTION
***

The basic heap was selected because --advanced_heap
was not specified and the application did not appear to
be primarily optimized for speed.


*******************************************************************************
*** PLACEMENT SUMMARY
***

"A0":  place at address 0x0 { ro section .intvec };
"P1":  place in [from 0x0 to 0x3'ffff] { ro };
define block CSTACK with size = 4K, alignment = 8 { };
define block HEAP with size = 8K, alignment = 8 { };
"P2":  place in [from 0x2000'0000 to 0x2000'7fff] {
          rw, block CSTACK, block HEAP };
do not initialize { rw section .noinit };
initialize by copy { rw };

  Section            Kind         Address    Size  Object
  -------            ----         -------    ----  ------
"A0":                                       0x26c
  .intvec            const            0x0   0x26c  startup_ewarm.o [1]
                                  - 0x26c   0x26c

"P1":                                      0x2be8
  .text              ro code        0x26c   0xe8e  xprintffull_nomb.o [2]
  .text              ro code       0x10fa    0x3a  packbits_init_single.o [5]
  .text              ro code       0x1134    0x16  strchr.o [5]
  .text              ro code       0x114a     0xa  xsprout.o [2]
  .text              ro code       0x1154    0x40  xfail_s.o [2]
  .text              ro code       0x1194    0x36  strlen.o [5]
  .rodata            const         0x11ca     0x1  Keypad.o [1]
  .text              ro code       0x11cc    0x58  memchr.o [5]
  .text              ro code       0x1224    0x76  ABImemcpy_unaligned.o [5]
  .text              ro code       0x129c    0x70  frexp.o [4]
  .text              ro code       0x130c    0x34  DblCmpLe.o [4]
  .text              ro code       0x1340    0x34  DblCmpGe.o [4]
  .text              ro code       0x1374   0x13a  ldexp.o [4]
  .text              ro code       0x14b0    0x36  DblToS32.o [4]
  .text              ro code       0x14e8    0x22  S32ToDbl.o [4]
  .text              ro code       0x150c   0x24e  DblAddSub.o [4]
  .text              ro code       0x175c   0x246  DblDiv.o [4]
  .text              ro code       0x19a4    0x22  DblToU32.o [4]
  .text              ro code       0x19c8    0x1c  U32ToDbl.o [4]
  .text              ro code       0x19e4   0x1aa  DblMul.o [4]
  .text              ro code       0x1b90   0x230  I64DivMod.o [5]
  .text              ro code       0x1dc0     0x6  abort.o [2]
  .text              ro code       0x1dc8     0x2  I64DivZer.o [5]
  .text              ro code       0x1dcc    0x14  exit.o [6]
  .text              ro code       0x1de0    0x2c  iarttio.o [6]
  .text              ro code       0x1e0c     0x8  XShttio.o [2]
  .text              ro code       0x1e14   0x598  Keypad.o [1]
  .text              ro code       0x23ac    0xea  DIO.o [1]
  .text              ro code       0x2498   0x190  LCD.o [1]
  .text              ro code       0x2628    0x40  sprintf.o [2]
  .text              ro code       0x2668     0xa  clock.o [6]
  .text              ro code       0x2674   0x2e4  sysctl.o [3]
  .text              ro code       0x2958   0x138  Task2_timer0_Timer.o [1]
  .text              ro code       0x2a90    0x86  timer.o [3]
  .text              ro code       0x2b18   0x130  Task3_timer0_Timer.o [1]
  .text              ro code       0x2c48    0xbc  main.o [1]
  .text              ro code       0x2d04    0x28  data_init.o [5]
  .text              ro code       0x2d2c    0x22  startup_ewarm.o [1]
  .text              ro code       0x2d50    0x1c  cstartup_M.o [5]
  .text              ro code       0x2d6c    0x22  fpinit_M.o [4]
  .text              ro code       0x2d90    0x1e  cmain.o [5]
  .text              ro code       0x2dae     0x4  low_level_init.o [2]
  .text              ro code       0x2db2     0x4  exit.o [2]
  .text              ro code       0x2db8     0xa  cexit.o [5]
  .iar.init_table    const         0x2dc4    0x10  - Linker created -
  .rodata            const         0x2dd4    0x10  Keypad.o [1]
  .rodata            const         0x2de4    0x10  Keypad.o [1]
  .rodata            const         0x2df4    0x10  Keypad.o [1]
  .rodata            const         0x2e04    0x10  Keypad.o [1]
  .rodata            const         0x2e14    0x10  main.o [1]
  .rodata            const         0x2e24     0xc  main.o [1]
  .rodata            const         0x2e30     0x8  Keypad.o [1]
  .rodata            const         0x2e38     0x8  Keypad.o [1]
  .rodata            const         0x2e40     0x8  Task2_timer0_Timer.o [1]
  .rodata            const         0x2e48     0x8  Task3_timer0_Timer.o [1]
  .rodata            const         0x2e50     0x0  packbits_init_single.o [5]
  Initializer bytes  const         0x2e50     0x4  <for P2-1>
                                 - 0x2e54  0x2be8

"P2", part 1 of 2:                           0x18
  P2-1                        0x2000'0000    0x18  <Init block>
    .data            inited   0x2000'0000     0x8  XShttio.o [2]
    .bss             inited   0x2000'0008     0x4  Keypad.o [1]
    .bss             inited   0x2000'000c     0x4  Task3_timer0_Timer.o [1]
    .bss             inited   0x2000'0010     0x4  Task3_timer0_Timer.o [1]
    .bss             inited   0x2000'0014     0x4  xfail_s.o [2]
                            - 0x2000'0018    0x18

"P2", part 2 of 2:                          0x200
  .noinit            uninit   0x2000'0018   0x200  startup_ewarm.o [1]
                            - 0x2000'0218   0x200

Unused ranges:

         From           To      Size
         ----           --      ----
       0x2e54     0x3'ffff  0x3'd1ac
  0x2000'0218  0x2000'7fff    0x7de8


*******************************************************************************
*** INIT TABLE
***

          Address      Size
          -------      ----
Copy/packbits (__iar_packbits_init_single3)
    1 source range, total size 0x4 (16% of destination):
               0x2e50   0x4
    1 destination range, total size 0x18:
          0x2000'0000  0x18



*******************************************************************************
*** MODULE SUMMARY
***

    Module                  ro code  ro data  rw data
    ------                  -------  -------  -------
command line/config:
    -------------------------------------------------
    Total:

D:\0.semester 7\2.embedded\project\task 2\Debug\Obj: [1]
    DIO.o                       234
    Keypad.o                  1'432       82        4
    LCD.o                       400
    Task2_timer0_Timer.o        312        8
    Task3_timer0_Timer.o        304        9        8
    main.o                      188       28
    startup_ewarm.o              34      620      512
    -------------------------------------------------
    Total:                    2'904      747      524

dl7M_tln.a: [2]
    XShttio.o                     8        1        8
    abort.o                       6
    exit.o                        4
    low_level_init.o              4
    sprintf.o                    64
    xfail_s.o                    64        1        4
    xprintffull_nomb.o        3'726
    xsprout.o                    10
    -------------------------------------------------
    Total:                    3'886        2       12

driverlib.a: [3]
    sysctl.o                    740
    timer.o                     134
    -------------------------------------------------
    Total:                      874

m7M_tls.a: [4]
    DblAddSub.o                 590
    DblCmpGe.o                   52
    DblCmpLe.o                   52
    DblDiv.o                    582
    DblMul.o                    426
    DblToS32.o                   54
    DblToU32.o                   34
    S32ToDbl.o                   34
    U32ToDbl.o                   28
    fpinit_M.o                   34
    frexp.o                     112
    ldexp.o                     314
    -------------------------------------------------
    Total:                    2'312

rt7M_tl.a: [5]
    ABImemcpy_unaligned.o       118
    I64DivMod.o                 560
    I64DivZer.o                   2
    cexit.o                      10
    cmain.o                      30
    cstartup_M.o                 28
    data_init.o                  40
    memchr.o                     88
    packbits_init_single.o       58
    strchr.o                     22
    strlen.o                     54
    -------------------------------------------------
    Total:                    1'010

shb_l.a: [6]
    clock.o                      10
    exit.o                       20
    iarttio.o                    44
    -------------------------------------------------
    Total:                       74

    Gaps                         33        2
    Linker created                        16
-----------------------------------------------------
    Grand Total:             11'093      767      536


*******************************************************************************
*** ENTRY LIST
***

Entry                       Address   Size  Type      Object
-----                       -------   ----  ----      ------
.iar.init_table$$Base        0x2dc4          --   Gb  - Linker created -
.iar.init_table$$Limit       0x2dd4          --   Gb  - Linker created -
?main                        0x2d91         Code  Gb  cmain.o [5]
DIO_ReadPort                 0x2493    0x4  Code  Gb  DIO.o [1]
DIO_WritePort                0x2489    0xa  Code  Gb  DIO.o [1]
DIO_init                     0x23d3   0x7c  Code  Gb  DIO.o [1]
FaultISR                     0x2d47    0x2  Code  Lc  startup_ewarm.o [1]
IntDefaultHandler            0x2d49    0x2  Code  Lc  startup_ewarm.o [1]
KeyPad_Init                  0x1e15   0x82  Code  Gb  Keypad.o [1]
KeyPad_Read_task1            0x1e97   0x72  Code  Gb  Keypad.o [1]
KeyPad_Read_task2            0x1f77   0x6e  Code  Gb  Keypad.o [1]
KeyPad_Read_task3            0x1f09   0x6e  Code  Gb  Keypad.o [1]
LCD_Cmd                      0x2543   0x2e  Code  Gb  LCD.o [1]
LCD_Write                    0x24f1   0x52  Code  Gb  LCD.o [1]
LCD_Write_Data               0x2571   0x22  Code  Gb  LCD.o [1]
LCD_Write_String             0x2593   0x22  Code  Gb  LCD.o [1]
LCD_init                     0x25b5   0x52  Code  Gb  LCD.o [1]
NmiSR                        0x2d45    0x2  Code  Lc  startup_ewarm.o [1]
ReadInputs_task1             0x225f   0xc0  Code  Gb  Keypad.o [1]
Region$$Table$$Base          0x2dc4          --   Gb  - Linker created -
Region$$Table$$Limit         0x2dd4          --   Gb  - Linker created -
ResetISR                     0x2d2d   0x12  Code  Gb  startup_ewarm.o [1]
SysCtlClockGet               0x2791  0x110  Code  Gb  sysctl.o [3]
SysCtlClockSet               0x26b9   0xd8  Code  Gb  sysctl.o [3]
SysCtlDelay                  0x26b1    0x8  Code  Gb  sysctl.o [3]
SysCtlPeripheralEnable       0x2695    0x8  Code  Gb  sysctl.o [3]
SysCtlPeripheralReady        0x2675    0x8  Code  Gb  sysctl.o [3]
SystickHandler               0x2d4b    0x2  Code  Lc  startup_ewarm.o [1]
Timer0IntHandler             0x2d4d    0x2  Code  Lc  startup_ewarm.o [1]
TimerConfigure               0x2a9d   0x52  Code  Gb  timer.o [3]
TimerEnable                  0x2a91    0xc  Code  Gb  timer.o [3]
TimerLoadSet                 0x2b01   0x10  Code  Gb  timer.o [3]
Timer_init                   0x2959   0x44  Code  Gb  Task2_timer0_Timer.o [1]
Timer_init_task3             0x2b19   0x44  Code  Gb  Task3_timer0_Timer.o [1]
Timer_start                  0x299d   0xcc  Code  Gb  Task2_timer0_Timer.o [1]
_LC                           0x26d    0x6  Code  Lc  xprintffull_nomb.o [2]
_LitobFullNoMb                0xefd  0x114  Code  Lc  xprintffull_nomb.o [2]
_PrintfFullNoMb               0x273  0xc76  Code  Gb  xprintffull_nomb.o [2]
_PutcharsFullNoMb            0x1069   0x2e  Code  Lc  xprintffull_nomb.o [2]
_SProut                      0x114b    0xa  Code  Gb  xsprout.o [2]
__aeabi_cdcmple              0x130d         Code  Gb  DblCmpLe.o [4]
__aeabi_cdrcmple             0x1341         Code  Gb  DblCmpGe.o [4]
__aeabi_d2iz                 0x14b1         Code  Gb  DblToS32.o [4]
__aeabi_d2uiz                0x19a5         Code  Gb  DblToU32.o [4]
__aeabi_ddiv                 0x175d         Code  Gb  DblDiv.o [4]
__aeabi_dmul                 0x19e5         Code  Gb  DblMul.o [4]
__aeabi_dsub                 0x1679         Code  Gb  DblAddSub.o [4]
__aeabi_i2d                  0x14e9         Code  Gb  S32ToDbl.o [4]
__aeabi_ldiv0                0x1dc9         Code  Gb  I64DivZer.o [5]
__aeabi_ui2d                 0x19c9         Code  Gb  U32ToDbl.o [4]
__aeabi_uldivmod             0x1b91         Code  Gb  I64DivMod.o [5]
__cmain                      0x2d91         Code  Gb  cmain.o [5]
__exit                       0x1dcd   0x14  Code  Gb  exit.o [6]
__iar_Fail_s                 0x1155   0x1c  Code  Gb  xfail_s.o [2]
__iar_Memchr                 0x11cd         Code  Gb  memchr.o [5]
__iar_Strchr                 0x1135         Code  Gb  strchr.o [5]
__iar_close_ttio             0x1de1   0x2c  Code  Gb  iarttio.o [6]
__iar_data_init3             0x2d05   0x28  Code  Gb  data_init.o [5]
__iar_frexp                  0x12a9         Code  Gb  frexp.o [4]
__iar_frexpl                 0x12a9         Code  Gb  frexp.o [4]
__iar_init_vfp               0x2d6d         Code  Gb  fpinit_M.o [4]
__iar_ldexp64                0x1375         Code  Gb  ldexp.o [4]
__iar_lookup_ttioh           0x1e0d    0x8  Code  Gb  XShttio.o [2]
__iar_packbits_init_single3
                             0x10fb   0x3a  Code  Gb  packbits_init_single.o [5]
__iar_program_start          0x2d51         Code  Gb  cstartup_M.o [5]
__iar_scalbln64              0x1375         Code  Gb  ldexp.o [4]
__iar_scalbn64               0x1375         Code  Gb  ldexp.o [4]
__iar_softfp___iar_frexp64
                             0x129d         Code  Gb  frexp.o [4]
__iar_softfp_frexp           0x129d         Code  Gb  frexp.o [4]
__iar_softfp_frexpl          0x129d         Code  Gb  frexp.o [4]
__iar_ttio_handles      0x2000'0000    0x8  Data  Lc  XShttio.o [2]
__iar_unaligned_memcpy       0x1225         Code  Gb  ABImemcpy_unaligned.o [5]
__iar_unaligned_memcpy4
                             0x1245         Code  Gb  ABImemcpy_unaligned.o [5]
__iar_unaligned_memcpy8
                             0x1245         Code  Gb  ABImemcpy_unaligned.o [5]
__low_level_init             0x2daf    0x4  Code  Gb  low_level_init.o [2]
__vector_table                  0x0  0x26c  Data  Gb  startup_ewarm.o [1]
_call_main                   0x2d9d         Code  Gb  cmain.o [5]
_exit                        0x2db9         Code  Gb  cexit.o [5]
abort                        0x1dc1    0x6  Code  Gb  abort.o [2]
checkFlag                    0x1fed   0x28  Code  Gb  Keypad.o [1]
checkFlag_task1              0x2015   0x4e  Code  Gb  Keypad.o [1]
clock                        0x2669    0xa  Code  Gb  clock.o [6]
concatenate                  0x1fe5    0x8  Code  Gb  Keypad.o [1]
delay                        0x23ad   0x26  Code  Gb  DIO.o [1]
delayMs                      0x2499   0x2e  Code  Gb  LCD.o [1]
delayUs                      0x24c7   0x2a  Code  Gb  LCD.o [1]
display_on_LCD_initialValue
                             0x231f   0x28  Code  Gb  Keypad.o [1]
exit                         0x2db3    0x4  Code  Gb  exit.o [2]
g_pui32Xtals                 0x28ec   0x6c  Data  Lc  sysctl.o [3]
getDigits_task1              0x212d  0x11e  Code  Gb  Keypad.o [1]
getDigits_task2              0x2065   0xc8  Code  Gb  Keypad.o [1]
getDigits_task2::counter2
                        0x2000'0008    0x4  Data  Lc  Keypad.o [1]
get_op_task2                 0x224b   0x14  Code  Gb  Keypad.o [1]
ldexp                        0x1375         Code  Gb  ldexp.o [4]
ldexpl                       0x1375         Code  Gb  ldexp.o [4]
main                         0x2c49   0xbc  Code  Gb  main.o [1]
memchr                       0x11cd         Code  Gb  memchr.o [5]
minutes                 0x2000'000c    0x4  Data  Lc  Task3_timer0_Timer.o [1]
pui32Stack              0x2000'0018  0x200  Data  Lc  startup_ewarm.o [1]
scalbln                      0x1375         Code  Gb  ldexp.o [4]
scalblnl                     0x1375         Code  Gb  ldexp.o [4]
scalbn                       0x1375         Code  Gb  ldexp.o [4]
scalbnl                      0x1375         Code  Gb  ldexp.o [4]
scale                        0x1011   0x46  Code  Lc  xprintffull_nomb.o [2]
sec_hand                0x2000'0014    0x4  Data  Lc  xfail_s.o [2]
seconds                 0x2000'0010    0x4  Data  Lc  Task3_timer0_Timer.o [1]
sprintf                      0x2629   0x40  Code  Gb  sprintf.o [2]
stopWatchChoice              0x2b5d   0xc4  Code  Gb  Task3_timer0_Timer.o [1]
strchr                       0x1135         Code  Gb  strchr.o [5]
strlen                       0x1195         Code  Gb  strlen.o [5]


[1] = D:\0.semester 7\2.embedded\project\task 2\Debug\Obj
[2] = dl7M_tln.a
[3] = driverlib.a
[4] = m7M_tls.a
[5] = rt7M_tl.a
[6] = shb_l.a

  11'093 bytes of readonly  code memory
     767 bytes of readonly  data memory
     536 bytes of readwrite data memory

Errors: none
Warnings: 1
